files/26.csv
id,week,center_id,meal_id,checkout_price,base_price,emailer_for_promotion,homepage_featured,num_orders
1117807,6,26,2139,456.93,454.93,0,0,14
1099707,8,26,2139,410.34,456.93,0,0,14
1378522,10,26,2139,411.34,455.93,0,0,15
1256765,11,26,2139,409.34,454.93,0,0,15
1312162,16,26,2139,432.62,432.62,0,0,26
1012876,20,26,2139,454.93,454.93,0,0,13
1252367,21,26,2139,455.93,454.93,0,0,14
1403711,22,26,2139,456.93,454.93,0,0,14
1335211,25,26,2139,409.34,454.93,0,0,14
1384286,27,26,2139,262.9,455.93,0,0,13
1105107,28,26,2139,293,456.93,0,0,14
1378442,29,26,2139,293,456.93,0,0,54
1371469,31,26,2139,287.12,456.93,0,0,42
1118776,32,26,2139,267.75,456.93,0,0,14
1065331,33,26,2139,296.82,298.82,0,0,108
1374825,34,26,2139,266.75,296.82,0,0,28
1086154,36,26,2139,296.82,296.82,0,0,14
1264124,37,26,2139,298.82,296.82,0,0,13
1379316,39,26,2139,267.75,296.82,0,0,13
1298753,40,26,2139,298.82,296.82,0,0,27
1358462,41,26,2139,298.82,298.82,0,0,27
1432941,43,26,2139,292.97,292.97,0,0,27
1191485,45,26,2139,307.49,309.49,0,0,42
1056330,46,26,2139,293.97,292.97,0,0,28
1261219,47,26,2139,277.45,277.45,0,0,15
1396488,49,26,2139,292.97,292.97,0,0,26
1489393,50,26,2139,278.45,278.45,0,0,28
1289183,51,26,2139,278.45,278.45,0,0,15
1344428,52,26,2139,276.45,276.45,0,0,15
1230514,54,26,2139,290.03,291.03,0,0,15
1259238,55,26,2139,275.48,277.48,0,0,28
1234179,56,26,2139,290.03,290.03,0,0,15
1329350,57,26,2139,275.48,277.48,0,0,27
1281210,59,26,2139,309.49,307.49,0,0,26
1369325,60,26,2139,307.49,308.49,0,0,13
1232048,61,26,2139,289.12,288.12,0,0,42
1166299,62,26,2139,308.49,308.49,0,0,13
1308914,63,26,2139,292.97,292.97,0,0,54
1381602,65,26,2139,276.45,276.45,0,0,15
1344178,67,26,2139,308.49,308.49,0,0,41
1070721,68,26,2139,242.5,307.49,0,0,42
1479699,70,26,2139,243.5,307.49,0,0,26
1357779,71,26,2139,243.5,309.49,0,0,53
1034609,73,26,2139,309.49,308.49,0,0,28
1418220,74,26,2139,290.03,291.03,0,0,27
1427630,75,26,2139,277.48,275.48,0,0,55
1475473,78,26,2139,292.03,290.03,0,0,14
1042756,79,26,2139,290.03,292.03,0,0,28
1072040,80,26,2139,262.93,292.03,0,0,26
1042044,82,26,2139,260.93,292.03,0,0,15
1341315,83,26,2139,291.03,292.03,0,0,15
1399608,84,26,2139,291.03,290.03,0,0,27
1461047,85,26,2139,261.93,292.03,0,0,14
1222654,86,26,2139,290.03,292.03,0,0,42
1108012,87,26,2139,291.03,291.03,0,0,14
1108714,88,26,2139,290.03,292.03,0,0,41
1318232,89,26,2139,290.03,292.03,0,0,40
1394738,90,26,2139,276.48,275.48,0,0,28
1059723,91,26,2139,292.03,290.03,0,0,42
1000283,92,26,2139,292.03,290.03,0,0,42
1341488,93,26,2139,291.03,290.03,0,0,28
1199339,94,26,2139,280.33,281.33,0,0,40
1229407,95,26,2139,286.15,286.15,0,0,94
1300993,96,26,2139,292.03,290.03,0,0,15
1318640,97,26,2139,292.03,290.03,0,0,26
1400109,98,26,2139,261.93,290.03,0,0,14
1419454,100,26,2139,291.03,291.03,0,0,14
1483029,102,26,2139,292.03,290.03,0,0,15
1464417,107,26,2139,262.93,290.03,0,0,13
1271738,108,26,2139,262.93,291.03,0,0,13
1305427,110,26,2139,292.03,290.03,0,0,28
1011480,111,26,2139,290.03,290.03,0,0,26
1245850,113,26,2139,275.48,277.48,0,0,26
1497918,114,26,2139,292.03,290.03,0,0,13
1361492,115,26,2139,261.93,290.03,0,0,27
1449857,116,26,2139,290.03,291.03,0,0,28
1068342,117,26,2139,292.03,291.03,0,0,15
1009208,118,26,2139,290.03,291.03,0,0,28
1284283,120,26,2139,292.03,291.03,0,0,13
1374531,121,26,2139,262.93,291.03,0,0,15
1025708,122,26,2139,291.03,290.03,0,0,13
1027017,123,26,2139,282.33,280.33,0,0,41
1015614,124,26,2139,260.93,261.93,0,0,14
1458066,125,26,2139,275.48,277.48,0,0,28
1236901,126,26,2139,276.48,275.48,0,0,26
1377957,127,26,2139,260.93,260.93,0,0,13
1498858,128,26,2139,276.48,276.48,0,0,27
1028610,129,26,2139,290.03,290.03,0,0,14
1063542,130,26,2139,291.03,291.03,0,0,15
1195314,131,26,2139,277.48,277.48,0,0,26
1130351,133,26,2139,276.48,277.48,0,0,26
1468636,134,26,2139,282.33,281.33,0,0,41
1415162,135,26,2139,272.63,272.63,0,0,41
1018611,136,26,2139,290.03,291.03,0,0,15
1413476,137,26,2139,262.93,291.03,0,0,26
1331209,138,26,2139,290.03,291.03,0,0,15
1014587,139,26,2139,272.57,274.57,0,0,28
1217227,140,26,2139,284.24,285.24,0,0,53
1479198,141,26,2139,275.48,277.48,0,0,42
1155225,142,26,2139,292.03,290.03,0,0,13
1474146,143,26,2139,285.24,283.24,0,0,54
1366594,145,26,2139,260.93,260.93,0,0,28
1009275,8,26,1770,486.03,484.03,0,0,28
1474890,16,26,1770,485.03,484.03,0,0,13
1123597,21,26,1770,484.03,485.03,0,0,27
1377788,23,26,1770,486.03,485.03,0,0,13
1113590,28,26,1770,389.03,486.03,0,0,15
1306890,30,26,1770,388.03,484.03,0,0,13
1449313,31,26,1770,484.03,485.03,0,0,14
1251765,33,26,1770,484.03,484.03,0,0,15
1457019,36,26,1770,484.03,486.03,0,0,14
1165315,39,26,1770,485.03,484.03,0,0,13
1235574,40,26,1770,486.03,486.03,0,0,14
1282401,41,26,1770,484.03,486.03,0,0,14
1397531,46,26,1770,437.53,485.03,0,0,26
1139925,53,26,1770,387.03,485.03,0,0,41
1249568,55,26,1770,389.03,485.03,0,0,26
1191540,56,26,1770,388.03,484.03,0,0,13
1438166,58,26,1770,485.03,485.03,0,0,15
1066549,60,26,1770,486.03,485.03,0,0,13
1184906,67,26,1770,484.03,486.03,0,0,13
1372095,70,26,1770,465.63,465.63,0,0,26
1436615,73,26,1770,484.03,484.03,0,0,27
1263701,74,26,1770,485.03,485.03,0,0,27
1180802,77,26,1770,485.03,484.03,0,0,14
1132120,79,26,1770,486.03,486.03,0,0,15
1320722,82,26,1770,484.03,484.03,0,0,28
1168182,83,26,1770,484.03,484.03,0,0,42
1173913,84,26,1770,486.03,486.03,0,0,14
1182839,85,26,1770,485.03,486.03,0,0,13
1272467,87,26,1770,485.03,485.03,0,0,15
1340575,89,26,1770,486.03,485.03,0,0,15
1146309,91,26,1770,455.93,455.93,0,0,15
1044382,92,26,1770,454.93,454.93,0,0,14
1028818,97,26,1770,484.03,485.03,0,0,13
1005711,98,26,1770,486.03,485.03,0,0,13
1201278,100,26,1770,485.03,485.03,0,0,15
1198855,101,26,1770,485.03,484.03,0,0,14
1446037,102,26,1770,485.03,486.03,0,0,15
1412515,103,26,1770,486.03,485.03,0,0,15
1374766,106,26,1770,412.28,485.03,0,0,28
1383501,108,26,1770,412.28,486.03,0,0,14
1443999,110,26,1770,485.03,484.03,0,0,15
1206625,113,26,1770,485.03,484.03,0,0,15
1067027,116,26,1770,485.03,485.03,0,0,14
1498256,119,26,1770,486.03,485.03,0,0,13
1243380,124,26,1770,484.03,485.03,0,0,15
1287928,127,26,1770,484.03,485.03,0,0,13
1357424,128,26,1770,484.03,485.03,0,0,13
1135312,129,26,1770,484.03,485.03,0,0,13
1364050,130,26,1770,445.23,447.23,0,0,14
1262832,131,26,1770,445.23,446.23,0,0,13
1356746,133,26,1770,446.23,445.23,0,0,13
1057479,138,26,1770,485.03,485.03,0,0,13
1491506,141,26,1770,486.03,486.03,0,0,28
1223435,143,26,1770,485.03,486.03,0,0,15
1167956,18,26,2664,288.15,288.15,0,0,54
1075184,19,26,2664,326.89,327.89,0,0,55
1333181,20,26,2664,326.89,327.89,0,0,96
1036618,21,26,2664,326.89,326.89,0,0,108
1485668,22,26,2664,328.89,327.89,0,0,161
1414247,23,26,2664,326.89,326.89,0,0,177
1213523,24,26,2664,328.89,327.89,0,0,162
1271556,25,26,2664,328.89,328.89,0,0,189
1375287,26,26,2664,328.89,326.89,0,0,231
1195312,27,26,2664,244.5,326.89,0,0,231
1123013,28,26,2664,328.89,326.89,0,0,162
1184276,29,26,2664,326.89,326.89,0,0,163
1103830,30,26,2664,327.89,328.89,0,0,176
1042394,31,26,2664,327.89,327.89,0,0,162
1168976,32,26,2664,327.89,326.89,0,0,162
1329359,33,26,2664,328.89,327.89,0,0,175
1439635,34,26,2664,326.89,326.89,0,0,81
1477998,35,26,2664,327.89,328.89,0,0,107
1046002,36,26,2664,328.89,328.89,0,0,177
1423660,37,26,2664,241.56,326.89,1,1,485
1360150,38,26,2664,327.89,326.89,0,0,243
1082455,39,26,2664,327.89,328.89,0,0,176
1216250,40,26,2664,327.89,328.89,0,0,258
1327444,41,26,2664,326.89,326.89,0,0,202
1421614,42,26,2664,328.89,327.89,0,0,230
1108789,43,26,2664,327.89,328.89,0,0,285
1378797,44,26,2664,328.89,328.89,0,0,190
1137671,45,26,2664,327.89,328.89,0,0,217
1334707,46,26,2664,328.89,328.89,0,0,162
1165801,47,26,2664,328.89,327.89,0,0,296
1158733,48,26,2664,326.89,326.89,0,0,258
1470192,49,26,2664,328.89,328.89,0,0,258
1442145,50,26,2664,326.89,326.89,0,0,177
1170071,51,26,2664,326.89,327.89,0,0,257
1025627,52,26,2664,327.89,328.89,0,0,365
1418774,53,26,2664,328.89,328.89,0,0,269
1002938,54,26,2664,326.89,328.89,0,0,176
1206521,55,26,2664,323.07,322.07,0,0,350
1020030,56,26,2664,269.66,323.07,1,1,973
1390111,57,26,2664,269.72,322.07,1,1,568
1014686,58,26,2664,326.89,328.89,0,0,190
1085428,59,26,2664,328.89,326.89,0,0,256
1154915,60,26,2664,327.89,326.89,0,0,365
1130789,61,26,2664,327.89,326.89,0,0,271
1405339,62,26,2664,326.89,328.89,0,0,94
1390574,63,26,2664,326.89,327.89,0,0,202
1191144,64,26,2664,327.89,327.89,0,0,325
1011970,65,26,2664,312.4,310.4,0,0,312
1161085,66,26,2664,328.89,328.89,0,0,365
1180174,67,26,2664,326.89,326.89,0,0,231
1472824,68,26,2664,326.89,328.89,0,0,256
1253045,69,26,2664,327.89,326.89,0,0,364
1315524,70,26,2664,326.89,326.89,0,0,204
1426216,71,26,2664,326.89,327.89,0,0,229
1158364,72,26,2664,328.89,327.89,0,0,298
1286026,73,26,2664,327.89,328.89,0,0,379
1298493,74,26,2664,328.89,328.89,0,0,242
1012083,75,26,2664,326.89,328.89,0,0,217
1330883,76,26,2664,328.89,326.89,0,0,42
1218361,77,26,2664,328.89,327.89,0,0,204
1487417,78,26,2664,311.43,311.43,0,0,96
1354277,79,26,2664,311.43,310.43,0,0,202
1446968,80,26,2664,309.43,309.43,0,0,107
1463298,81,26,2664,309.43,311.43,0,0,270
1330383,82,26,2664,249.29,310.43,1,1,1162
1207001,83,26,2664,296.88,295.88,0,0,283
1164262,84,26,2664,309.43,309.43,0,0,365
1491063,85,26,2664,311.43,310.43,0,0,350
1452157,86,26,2664,311.43,309.43,0,0,311
1305814,87,26,2664,298.76,298.76,0,0,351
1325495,88,26,2664,310.43,310.43,0,0,55
1366762,89,26,2664,309.43,310.43,0,0,96
1480802,90,26,2664,309.43,310.43,0,0,283
1343350,91,26,2664,300.73,300.73,0,0,418
1109880,92,26,2664,311.43,311.43,0,0,311
1262370,93,26,2664,309.43,309.43,0,0,242
1384359,94,26,2664,309.43,311.43,0,0,204
1311813,95,26,2664,310.43,311.43,0,0,431
1204097,96,26,2664,310.43,311.43,0,0,459
1356155,97,26,2664,309.43,309.43,0,0,150
1236694,98,26,2664,309.43,310.43,0,0,216
1077263,99,26,2664,310.43,310.43,0,0,337
1311700,100,26,2664,299.76,299.76,0,0,379
1322363,101,26,2664,309.43,310.43,0,0,285
1479324,102,26,2664,310.43,309.43,0,0,149
1008914,103,26,2664,310.43,310.43,0,0,176
1199991,104,26,2664,311.43,309.43,0,0,285
1440715,105,26,2664,309.43,310.43,0,0,150
1431866,106,26,2664,309.43,311.43,0,0,188
1039057,107,26,2664,310.43,309.43,0,0,420
1094830,108,26,2664,310.43,310.43,0,0,458
1111206,109,26,2664,309.43,310.43,0,0,325
1301747,110,26,2664,309.43,311.43,0,0,284
1021625,111,26,2664,310.43,311.43,0,0,161
1148470,112,26,2664,310.43,310.43,0,0,285
1447851,113,26,2664,311.43,310.43,0,0,513
1329786,114,26,2664,309.43,309.43,0,0,217
1059543,115,26,2664,245.44,311.43,1,1,609
1108723,116,26,2664,242.53,311.43,0,0,271
1291184,117,26,2664,311.43,311.43,0,0,325
1015535,118,26,2664,311.43,311.43,0,0,338
1133343,119,26,2664,310.43,309.43,0,0,283
1391123,120,26,2664,309.43,309.43,0,0,203
1234520,121,26,2664,309.43,311.43,0,0,527
1310261,122,26,2664,295.88,294.88,0,0,269
1140635,123,26,2664,299.79,297.79,0,0,366
1420941,124,26,2664,296.85,296.85,0,0,310
1034944,125,26,2664,311.43,311.43,0,0,458
1330804,126,26,2664,327.86,327.86,0,0,622
1024704,127,26,2664,340.53,338.53,0,0,297
1118115,128,26,2664,338.53,338.53,0,0,323
1340428,129,26,2664,338.53,338.53,0,0,258
1018536,130,26,2664,339.53,338.53,0,0,404
1341213,131,26,2664,339.53,338.53,0,0,108
1036281,132,26,2664,340.53,338.53,0,0,82
1123219,133,26,2664,340.53,340.53,0,0,204
1095727,134,26,2664,340.53,338.53,0,0,366
1328192,135,26,2664,324.98,323.98,0,0,312
1168134,136,26,2664,339.53,339.53,0,0,188
1357716,137,26,2664,339.53,339.53,0,0,270
1356331,138,26,2664,339.53,338.53,0,0,175
1490211,139,26,2664,340.53,339.53,0,0,339
1225515,140,26,2664,324.95,325.95,0,0,177
1133226,141,26,2664,321.07,322.07,0,0,109
1089800,142,26,2664,323.07,323.07,0,0,310
1045018,143,26,2664,322.07,321.07,0,0,432
1197682,144,26,2664,255.17,323.07,1,1,512
1341652,145,26,2664,248.35,321.07,0,0,460
1127928,20,26,2569,326.89,327.89,0,0,121
1149965,21,26,2569,326.89,326.89,0,0,202
1167857,22,26,2569,327.89,328.89,0,0,108
1180310,23,26,2569,328.89,328.89,0,0,150
1195728,24,26,2569,328.89,328.89,0,0,68
1244690,25,26,2569,327.89,327.89,0,0,121
1464211,26,26,2569,328.89,327.89,0,0,190
1085378,27,26,2569,243.5,328.89,0,0,366
1062007,28,26,2569,325.01,324.01,0,0,297
1375749,29,26,2569,328.89,326.89,0,0,175
1093181,30,26,2569,326.89,326.89,0,0,230
1136317,31,26,2569,326.89,327.89,0,0,204
1210757,32,26,2569,328.89,327.89,0,0,378
1465400,33,26,2569,326.89,327.89,0,0,352
1401473,34,26,2569,326.89,327.89,0,0,311
1094541,35,26,2569,328.89,326.89,0,0,177
1244890,36,26,2569,328.89,326.89,0,0,135
1168759,37,26,2569,244.5,328.89,1,0,310
1495130,38,26,2569,328.89,327.89,0,0,134
1206640,39,26,2569,327.89,326.89,0,0,122
1306023,40,26,2569,328.89,326.89,0,0,161
1191042,41,26,2569,327.89,327.89,0,0,296
1136597,42,26,2569,328.89,326.89,0,0,244
1364646,43,26,2569,327.89,326.89,0,0,242
1492626,44,26,2569,320.16,318.16,0,0,230
1198577,45,26,2569,321.13,321.13,0,0,283
1267886,46,26,2569,327.89,326.89,0,0,311
1257676,47,26,2569,328.89,327.89,0,0,337
1458429,48,26,2569,328.89,326.89,0,0,351
1328537,49,26,2569,328.89,328.89,0,0,391
1476086,50,26,2569,326.89,327.89,0,0,296
1207333,51,26,2569,326.89,326.89,0,0,231
1042496,52,26,2569,327.89,326.89,0,0,405
1494581,53,26,2569,327.89,326.89,0,0,350
1361594,54,26,2569,327.89,328.89,0,0,231
1217586,55,26,2569,327.89,327.89,0,0,338
1450372,56,26,2569,265.78,327.89,1,1,932
1385269,57,26,2569,264.87,326.89,1,1,877
1270353,58,26,2569,326.89,328.89,0,0,297
1412291,59,26,2569,327.89,328.89,0,0,311
1068226,60,26,2569,327.89,326.89,0,0,593
1442429,61,26,2569,326.89,328.89,0,0,582
1034658,62,26,2569,326.89,326.89,0,0,177
1212226,63,26,2569,327.89,328.89,0,0,269
1371458,64,26,2569,327.89,326.89,0,0,337
1017406,65,26,2569,317.25,315.25,0,0,392
1340041,66,26,2569,326.89,328.89,0,0,420
1333752,67,26,2569,328.89,326.89,0,0,244
1177610,68,26,2569,326.89,327.89,0,0,472
1336995,69,26,2569,327.89,327.89,0,0,418
1212245,70,26,2569,327.89,328.89,0,0,231
1369686,71,26,2569,328.89,328.89,0,0,297
1007798,72,26,2569,328.89,328.89,0,0,379
1170983,73,26,2569,326.89,328.89,0,0,554
1138075,74,26,2569,326.89,327.89,0,0,352
1497919,75,26,2569,326.89,326.89,0,0,323
1055489,76,26,2569,317.22,317.22,0,0,203
1240482,77,26,2569,327.89,328.89,0,0,351
1328630,78,26,2569,315.28,314.28,0,0,405
1451130,79,26,2569,309.43,310.43,0,0,445
1221769,80,26,2569,304.64,304.64,0,0,190
1008259,81,26,2569,311.43,310.43,0,0,431
1264527,82,26,2569,244.44,311.43,1,1,1203
1347740,83,26,2569,310.43,310.43,0,0,419
1474514,84,26,2569,311.43,311.43,0,0,514
1494317,85,26,2569,309.43,309.43,0,0,418
1092333,86,26,2569,309.43,309.43,0,0,730
1018228,87,26,2569,306.58,305.58,0,0,418
1077167,88,26,2569,309.43,309.43,0,0,269
1258435,89,26,2569,310.43,311.43,0,0,324
1422832,90,26,2569,309.43,311.43,0,0,323
1233255,91,26,2569,309.43,311.43,0,0,514
1387411,92,26,2569,310.43,309.43,0,0,366
1091143,93,26,2569,302.7,300.7,0,0,458
1479369,94,26,2569,309.43,309.43,0,0,217
1294024,95,26,2569,311.43,309.43,0,0,501
1247052,96,26,2569,310.43,311.43,0,0,474
1243867,97,26,2569,311.43,309.43,0,0,406
1451319,98,26,2569,306.58,306.58,0,0,432
1056306,99,26,2569,309.43,310.43,0,0,593
1122620,100,26,2569,311.43,311.43,0,0,622
1071338,101,26,2569,311.43,311.43,0,0,284
1083926,102,26,2569,310.43,311.43,0,0,365
1339062,103,26,2569,311.43,310.43,0,0,393
1252085,104,26,2569,311.43,309.43,0,0,514
1169417,105,26,2569,311.43,310.43,0,0,404
1468710,106,26,2569,309.43,311.43,0,0,351
1475676,107,26,2569,309.43,309.43,0,0,393
1211560,108,26,2569,310.43,309.43,0,0,404
1191655,109,26,2569,298.76,300.76,0,0,377
1179514,110,26,2569,310.43,309.43,0,0,243
1343447,111,26,2569,311.43,311.43,0,0,176
1342815,112,26,2569,311.43,309.43,0,0,285
1442867,113,26,2569,310.43,309.43,0,0,352
1032060,114,26,2569,309.43,309.43,0,0,285
1198923,115,26,2569,239.59,309.43,1,0,526
1112899,116,26,2569,248.35,310.43,0,0,458
1301889,117,26,2569,309.43,310.43,0,0,527
1265159,118,26,2569,310.43,309.43,0,0,513
1356682,119,26,2569,309.43,310.43,0,0,555
1244438,120,26,2569,309.43,311.43,0,0,258
1429154,121,26,2569,311.43,309.43,0,0,568
1321914,122,26,2569,310.43,310.43,0,0,312
1437077,123,26,2569,310.43,310.43,0,0,256
1264396,124,26,2569,310.43,310.43,0,0,257
1359755,125,26,2569,311.43,311.43,0,0,283
1078185,126,26,2569,324.95,324.95,0,0,379
1370483,127,26,2569,340.53,338.53,0,0,242
1446347,128,26,2569,339.53,339.53,0,0,283
1486768,129,26,2569,309.49,308.49,0,0,284
1057204,130,26,2569,339.53,338.53,0,0,217
1059895,131,26,2569,330.8,329.8,0,0,175
1143964,132,26,2569,340.53,340.53,0,0,216
1355865,133,26,2569,327.89,328.89,0,0,189
1062469,134,26,2569,339.53,338.53,0,0,339
1451880,135,26,2569,339.53,340.53,0,0,285
1398403,136,26,2569,339.53,338.53,0,0,242
1428455,137,26,2569,340.53,339.53,0,0,231
1263178,138,26,2569,339.53,339.53,0,0,189
1470964,139,26,2569,339.53,340.53,0,0,379
1392456,140,26,2569,304.61,338.53,0,0,406
1124839,141,26,2569,323.07,322.07,0,0,162
1159566,142,26,2569,321.07,321.07,0,0,162
1118909,143,26,2569,322.07,321.07,0,0,311
1398680,144,26,2569,239.59,323.07,1,1,661
1354828,145,26,2569,243.5,323.07,0,0,458
